// Jest Snapshot v1, https://goo.gl/fbAQLP

exports[`Create Button works 1`] = `
.c0.c0 {
  display: -webkit-box;
  display: -webkit-flex;
  display: -ms-flexbox;
  display: flex;
  -webkit-box-pack: center;
  -webkit-justify-content: center;
  -ms-flex-pack: center;
  justify-content: center;
  -webkit-align-items: center;
  -webkit-box-align: center;
  -ms-flex-align: center;
  align-items: center;
  box-sizing: border-box;
  background: #4cb69f;
  border-radius: 100%;
  height: 69px;
  width: 69px;
  border: 7px solid white;
}

.c0.c0 > svg {
  height: 55%;
  width: 55%;
  top: 50%;
  left: 50%;
  -webkit-transform: translate(-50%,-50%);
  -ms-transform: translate(-50%,-50%);
  transform: translate(-50%,-50%);
  position: absolute;
}

<button
  className="ant-btn c0"
  height="69px"
  onClick={[Function]}
  type="button"
  width="69px"
>
  <svg>
    Union.svg
  </svg>
</button>
`;
