// Jest Snapshot v1, https://goo.gl/fbAQLP

exports[`StyledNavBar render correctly 1`] = `
<div>
  <h1>
    Oh no!!!
  </h1>
</div>
`;
