// Jest Snapshot v1, https://goo.gl/fbAQLP

exports[`Big Flash Card BigFlashCard render correctly 1`] = `
.c0 {
  height: 390px;
  width: 283px;
  position: relative;
}

.c1 {
  -webkit-transition: all 1s;
  transition: all 1s;
}

.c1.c1 {
  margin: 121px auto 0 auto;
  background: #F7F7F7;
  color: #1b1414c9;
  border-radius: 11px;
}

.c1.c1 > .ant-card-body {
  min-height: 100%;
  display: -webkit-box;
  display: -webkit-flex;
  display: -ms-flexbox;
  display: flex;
  -webkit-align-items: center;
  -webkit-box-align: center;
  -ms-flex-align: center;
  align-items: center;
  -webkit-box-pack: center;
  -webkit-justify-content: center;
  -ms-flex-pack: center;
  justify-content: center;
}

.c2 {
  height: 100%;
  display: -webkit-box;
  display: -webkit-flex;
  display: -ms-flexbox;
  display: flex;
  -webkit-box-pack: center;
  -webkit-justify-content: center;
  -ms-flex-pack: center;
  justify-content: center;
  font-size: 20px;
  font-weight: 900;
  -webkit-transition: all 1s;
  transition: all 1s;
}

<div>
   
  <div
    class="c0"
    data-testid="StyledCardContainer"
    style="position: relative;"
  >
    <div
      class="ant-card c1 ant-card-bordered"
      position="front"
      style="width: 285px; height: 421.56px;"
    >
      <div
        class="ant-card-body"
      >
        <div
          class="c2"
        >
          This is a question
        </div>
      </div>
    </div>
  </div>
   
</div>
`;
